Step,Timestamp,Time (s),RAM Usage (GB),GPU Memory Usage (GB)
1,2024-12-04 15:58:12,4.90,15.22,5.43
2,2024-12-04 15:58:15,7.15,15.22,5.43
3,2024-12-04 15:58:17,9.56,15.22,5.43
4,2024-12-04 15:58:20,11.94,15.22,5.43
5,2024-12-04 15:58:22,14.37,15.22,5.43
6,2024-12-04 15:58:24,16.82,15.22,5.43
7,2024-12-04 15:58:27,19.30,15.22,5.43
8,2024-12-04 15:58:29,21.76,15.22,5.43
9,2024-12-04 15:58:32,24.24,15.22,5.43
10,2024-12-04 15:58:34,26.69,15.22,5.43
11,2024-12-04 15:58:37,29.18,15.22,5.43
12,2024-12-04 15:58:39,31.62,15.22,5.43
13,2024-12-04 15:58:42,34.10,15.22,5.43
14,2024-12-04 15:58:44,36.63,15.22,5.43
15,2024-12-04 15:58:47,39.16,15.22,5.43
16,2024-12-04 15:58:49,41.66,15.22,5.43
17,2024-12-04 15:58:52,44.18,15.22,5.43
18,2024-12-04 15:58:54,46.78,15.22,5.43
19,2024-12-04 15:58:57,49.32,15.22,5.43
20,2024-12-04 15:58:59,51.88,15.22,5.43
21,2024-12-04 15:59:02,54.42,15.22,5.43
22,2024-12-04 15:59:05,56.96,15.22,5.43
23,2024-12-04 15:59:07,59.50,15.22,5.43
24,2024-12-04 15:59:10,62.03,15.22,5.43
25,2024-12-04 15:59:12,64.61,15.22,5.43
26,2024-12-04 15:59:15,67.20,15.22,5.43
27,2024-12-04 15:59:17,69.81,15.22,5.43
28,2024-12-04 15:59:20,72.39,15.22,5.43
29,2024-12-04 15:59:23,74.94,15.22,5.43
30,2024-12-04 15:59:25,77.60,15.22,5.43
31,2024-12-04 15:59:28,80.23,15.22,5.43
32,2024-12-04 15:59:30,82.83,15.22,5.43
33,2024-12-04 15:59:33,85.48,15.22,5.43
34,2024-12-04 15:59:36,88.14,15.22,5.43
35,2024-12-04 15:59:38,90.85,15.22,5.43
36,2024-12-04 15:59:41,93.60,15.22,5.43
37,2024-12-04 15:59:44,96.30,15.22,5.43
38,2024-12-04 15:59:47,99.03,15.22,5.43
39,2024-12-04 15:59:49,101.75,15.22,5.43
40,2024-12-04 15:59:52,104.48,15.22,5.43
41,2024-12-04 15:59:55,107.19,15.22,5.43
42,2024-12-04 15:59:58,109.93,15.22,5.43
43,2024-12-04 16:00:00,112.70,15.22,5.43
44,2024-12-04 16:00:03,115.49,15.22,5.43
45,2024-12-04 16:00:06,118.28,15.22,5.43
46,2024-12-04 16:00:09,120.99,15.22,5.43
47,2024-12-04 16:00:11,123.70,15.22,5.43
48,2024-12-04 16:00:14,126.46,15.22,5.43
49,2024-12-04 16:00:17,129.19,15.22,5.43
50,2024-12-04 16:00:19,131.88,15.22,5.43
51,2024-12-04 16:00:22,134.52,15.22,5.43
52,2024-12-04 16:00:25,137.16,15.22,5.43
53,2024-12-04 16:00:27,139.84,15.22,5.43
54,2024-12-04 16:00:30,142.51,15.22,5.43
55,2024-12-04 16:00:33,145.14,15.22,5.43
56,2024-12-04 16:00:35,147.78,15.22,5.43
57,2024-12-04 16:00:38,150.44,15.22,5.43
58,2024-12-04 16:00:41,153.11,15.22,5.43
59,2024-12-04 16:00:43,155.78,15.22,5.43
60,2024-12-04 16:00:46,158.45,15.22,5.43
61,2024-12-04 16:00:49,161.15,15.22,5.43
62,2024-12-04 16:00:51,163.78,15.22,5.43
63,2024-12-04 16:00:54,166.44,15.22,5.43
64,2024-12-04 16:00:57,169.14,15.22,5.43
65,2024-12-04 16:00:59,171.80,15.22,5.43
66,2024-12-04 16:01:02,174.46,15.22,5.43
67,2024-12-04 16:01:05,177.16,15.22,5.43
68,2024-12-04 16:01:07,179.88,15.22,5.43
69,2024-12-04 16:01:10,182.56,15.22,5.43
70,2024-12-04 16:01:13,185.26,15.22,5.43
71,2024-12-04 16:01:16,187.94,15.22,5.43
72,2024-12-04 16:01:18,190.71,15.22,5.43
73,2024-12-04 16:01:21,193.43,15.22,5.43
74,2024-12-04 16:01:24,196.15,15.22,5.43
75,2024-12-04 16:01:26,198.85,15.22,5.43
76,2024-12-04 16:01:29,201.55,15.22,5.43
77,2024-12-04 16:01:32,204.30,15.22,5.43
78,2024-12-04 16:01:35,207.01,15.22,5.43
79,2024-12-04 16:01:37,209.69,15.22,5.43
80,2024-12-04 16:01:40,212.38,15.22,5.43
81,2024-12-04 16:01:43,215.10,15.22,5.43
82,2024-12-04 16:01:45,217.83,15.22,5.43
83,2024-12-04 16:01:48,220.53,15.22,5.43
84,2024-12-04 16:01:51,223.25,15.22,5.43
85,2024-12-04 16:01:54,225.95,15.22,5.43
86,2024-12-04 16:01:56,228.61,15.22,5.43
87,2024-12-04 16:01:59,231.33,15.22,5.43
88,2024-12-04 16:02:02,233.99,15.22,5.43
89,2024-12-04 16:02:04,236.70,15.22,5.43
90,2024-12-04 16:02:07,239.41,15.22,5.43
91,2024-12-04 16:02:10,242.06,15.22,5.43
92,2024-12-04 16:02:12,244.71,15.22,5.43
93,2024-12-04 16:02:15,247.42,15.22,5.43
94,2024-12-04 16:02:18,250.09,15.22,5.43
95,2024-12-04 16:02:20,252.77,15.22,5.43
96,2024-12-04 16:02:23,255.41,15.22,5.43
97,2024-12-04 16:02:26,258.10,15.22,5.43
98,2024-12-04 16:02:28,260.68,15.22,5.43
99,2024-12-04 16:02:31,263.34,15.22,5.43
100,2024-12-04 16:02:34,266.02,15.22,5.43
101,2024-12-04 16:02:36,268.72,15.22,5.43
102,2024-12-04 16:02:39,271.40,15.22,5.43
103,2024-12-04 16:02:42,274.08,15.22,5.43
104,2024-12-04 16:02:44,276.77,15.22,5.43
105,2024-12-04 16:02:47,279.51,15.22,5.43
106,2024-12-04 16:02:50,282.24,15.22,5.43
107,2024-12-04 16:02:53,284.92,15.22,5.43
108,2024-12-04 16:02:55,287.61,15.22,5.43
109,2024-12-04 16:02:58,290.36,15.22,5.43
110,2024-12-04 16:03:01,293.08,15.22,5.43
111,2024-12-04 16:03:03,295.80,15.22,5.43
112,2024-12-04 16:03:06,298.47,15.22,5.43
113,2024-12-04 16:03:09,301.18,15.22,5.43
114,2024-12-04 16:03:11,303.89,15.22,5.43
115,2024-12-04 16:03:14,306.56,15.22,5.43
116,2024-12-04 16:03:17,309.29,15.22,5.43
117,2024-12-04 16:03:20,312.03,15.22,5.43
118,2024-12-04 16:03:22,314.73,15.22,5.43
119,2024-12-04 16:03:25,317.44,15.22,5.43
120,2024-12-04 16:03:28,320.17,15.22,5.43
121,2024-12-04 16:03:30,322.80,15.22,5.43
122,2024-12-04 16:03:33,325.49,15.22,5.43
123,2024-12-04 16:03:36,328.17,15.22,5.43
124,2024-12-04 16:03:38,330.86,15.22,5.43
125,2024-12-04 16:03:41,333.55,15.22,5.43
126,2024-12-04 16:03:44,336.26,15.22,5.43
127,2024-12-04 16:03:47,338.93,15.22,5.43
128,2024-12-04 16:03:49,341.64,15.22,5.43
129,2024-12-04 16:03:52,344.33,15.22,5.43
130,2024-12-04 16:03:55,347.03,15.22,5.43
131,2024-12-04 16:03:57,349.68,15.22,5.43
132,2024-12-04 16:04:00,352.36,15.22,5.43
133,2024-12-04 16:04:03,355.07,15.22,5.43
134,2024-12-04 16:04:05,357.78,15.22,5.43
135,2024-12-04 16:04:08,360.45,15.22,5.43
136,2024-12-04 16:04:11,363.12,15.22,5.43
137,2024-12-04 16:04:13,365.79,15.22,5.43
138,2024-12-04 16:04:16,368.49,15.22,5.43
139,2024-12-04 16:04:19,371.18,15.22,5.43
140,2024-12-04 16:04:21,373.90,15.22,5.43
141,2024-12-04 16:04:24,376.59,15.22,5.43
142,2024-12-04 16:04:27,379.32,15.22,5.43
143,2024-12-04 16:04:30,382.07,15.22,5.43
144,2024-12-04 16:04:32,384.73,15.22,5.43
145,2024-12-04 16:04:35,387.40,15.22,5.43
146,2024-12-04 16:04:38,390.12,15.22,5.43
147,2024-12-04 16:04:40,392.77,15.22,5.43
148,2024-12-04 16:04:43,395.41,15.22,5.43
149,2024-12-04 16:04:46,398.09,15.22,5.43
150,2024-12-04 16:04:48,400.73,15.22,5.43
151,2024-12-04 16:04:51,403.42,15.22,5.43
152,2024-12-04 16:04:54,406.10,15.22,5.43
153,2024-12-04 16:04:56,408.81,15.22,5.43
154,2024-12-04 16:04:59,411.47,15.22,5.43
155,2024-12-04 16:05:02,414.11,15.22,5.43
156,2024-12-04 16:05:04,416.80,15.22,5.43
157,2024-12-04 16:05:07,419.44,15.22,5.43
158,2024-12-04 16:05:10,422.07,15.22,5.43
159,2024-12-04 16:05:12,424.78,15.22,5.43
160,2024-12-04 16:05:15,427.47,15.22,5.43
161,2024-12-04 16:05:18,430.18,15.22,5.43
162,2024-12-04 16:05:20,432.90,15.22,5.43
163,2024-12-04 16:05:23,435.58,15.22,5.43
164,2024-12-04 16:05:26,438.28,15.22,5.43
165,2024-12-04 16:05:29,440.99,15.22,5.43
166,2024-12-04 16:05:31,443.63,15.22,5.43
167,2024-12-04 16:05:34,446.32,15.22,5.43
168,2024-12-04 16:05:37,448.97,15.22,5.43
169,2024-12-04 16:05:39,451.69,15.22,5.43
170,2024-12-04 16:05:42,454.35,15.22,5.43
171,2024-12-04 16:05:45,457.05,15.22,5.43
172,2024-12-04 16:05:47,459.77,15.22,5.43
173,2024-12-04 16:05:50,462.45,15.22,5.43
174,2024-12-04 16:05:53,465.14,15.22,5.43
175,2024-12-04 16:05:55,467.84,15.22,5.43
176,2024-12-04 16:05:58,470.51,15.22,5.43
177,2024-12-04 16:06:01,473.19,15.22,5.43
178,2024-12-04 16:06:03,475.82,15.22,5.43
179,2024-12-04 16:06:06,478.45,15.22,5.43
180,2024-12-04 16:06:09,481.15,15.22,5.43
181,2024-12-04 16:06:11,483.86,15.22,5.43
182,2024-12-04 16:06:14,486.52,15.22,5.43
183,2024-12-04 16:06:17,489.19,15.22,5.43
184,2024-12-04 16:06:19,491.86,15.22,5.43
185,2024-12-04 16:06:22,494.59,15.22,5.43
186,2024-12-04 16:06:25,497.35,15.22,5.43
187,2024-12-04 16:06:28,500.05,15.22,5.43
188,2024-12-04 16:06:30,502.73,15.22,5.43
189,2024-12-04 16:06:33,505.38,15.22,5.43
190,2024-12-04 16:06:36,508.06,15.22,5.43
191,2024-12-04 16:06:38,510.74,15.22,5.43
192,2024-12-04 16:06:41,513.49,15.22,5.43
193,2024-12-04 16:06:44,516.16,15.22,5.43
194,2024-12-04 16:06:46,518.85,15.22,5.43
195,2024-12-04 16:06:49,521.53,15.22,5.43
196,2024-12-04 16:06:52,524.23,15.22,5.43
197,2024-12-04 16:06:55,526.91,15.22,5.43
198,2024-12-04 16:06:57,529.62,15.22,5.43
199,2024-12-04 16:07:00,532.33,15.22,5.43
200,2024-12-04 16:07:03,535.04,15.22,5.43
201,2024-12-04 16:07:05,537.69,15.22,5.43
202,2024-12-04 16:07:08,540.38,15.22,5.43
203,2024-12-04 16:07:11,543.13,15.22,5.43
204,2024-12-04 16:07:13,545.80,15.22,5.43
205,2024-12-04 16:07:16,548.50,15.22,5.43
206,2024-12-04 16:07:19,551.23,15.22,5.43
207,2024-12-04 16:07:21,553.90,15.22,5.43
208,2024-12-04 16:07:24,556.64,15.22,5.43
209,2024-12-04 16:07:27,559.31,15.22,5.43
210,2024-12-04 16:07:30,562.02,15.22,5.43
211,2024-12-04 16:07:32,564.72,15.22,5.43
212,2024-12-04 16:07:35,567.45,15.22,5.43
213,2024-12-04 16:07:38,570.17,15.22,5.43
214,2024-12-04 16:07:40,572.78,15.22,5.43
215,2024-12-04 16:07:43,575.49,15.22,5.43
216,2024-12-04 16:07:46,578.23,15.22,5.43
217,2024-12-04 16:07:49,580.95,15.22,5.43
218,2024-12-04 16:07:51,583.61,15.22,5.43
219,2024-12-04 16:07:54,586.29,15.22,5.43
220,2024-12-04 16:07:57,588.99,15.22,5.43
221,2024-12-04 16:07:59,591.64,15.22,5.43
222,2024-12-04 16:08:02,594.35,15.22,5.43
223,2024-12-04 16:08:05,597.03,15.22,5.43
224,2024-12-04 16:08:07,599.67,15.22,5.43
225,2024-12-04 16:08:10,602.37,15.22,5.43
226,2024-12-04 16:08:13,605.10,15.22,5.43
227,2024-12-04 16:08:15,607.75,15.22,5.43
228,2024-12-04 16:08:18,610.40,15.22,5.43
229,2024-12-04 16:08:21,613.07,15.22,5.43
230,2024-12-04 16:08:23,615.79,15.22,5.43
231,2024-12-04 16:08:26,618.49,15.22,5.43
232,2024-12-04 16:08:29,621.20,15.22,5.43
233,2024-12-04 16:08:31,623.89,15.22,5.43
234,2024-12-04 16:08:34,626.60,15.22,5.43
235,2024-12-04 16:08:37,629.27,15.22,5.43
236,2024-12-04 16:08:40,631.97,15.22,5.43
237,2024-12-04 16:08:42,634.68,15.22,5.43
238,2024-12-04 16:08:45,637.35,15.22,5.43
239,2024-12-04 16:08:48,639.94,15.22,5.43
240,2024-12-04 16:08:50,642.54,15.22,5.43
241,2024-12-04 16:08:53,645.27,15.22,5.43
242,2024-12-04 16:08:56,647.97,15.22,5.43
243,2024-12-04 16:08:58,650.66,15.22,5.43
244,2024-12-04 16:09:01,653.33,15.22,5.43
245,2024-12-04 16:09:04,656.07,15.22,5.43
246,2024-12-04 16:09:06,658.72,15.22,5.43
247,2024-12-04 16:09:09,661.34,15.22,5.43
248,2024-12-04 16:09:12,664.03,15.22,5.43
249,2024-12-04 16:09:14,666.72,15.22,5.43
250,2024-12-04 16:09:17,669.41,15.22,5.43
251,2024-12-04 16:09:20,672.10,15.22,5.43
252,2024-12-04 16:09:22,674.78,15.22,5.43
253,2024-12-04 16:09:25,677.44,15.22,5.43
254,2024-12-04 16:09:28,680.14,15.22,5.43
255,2024-12-04 16:09:30,682.88,15.22,5.43
256,2024-12-04 16:09:33,685.58,15.22,5.43
257,2024-12-04 16:09:36,688.29,15.22,5.43
258,2024-12-04 16:09:39,690.96,15.22,5.43
259,2024-12-04 16:09:41,693.64,15.22,5.43
260,2024-12-04 16:09:44,696.35,15.22,5.43
261,2024-12-04 16:09:47,699.07,15.22,5.43
262,2024-12-04 16:09:49,701.77,15.22,5.43
263,2024-12-04 16:09:52,704.45,15.22,5.43
264,2024-12-04 16:09:55,707.15,15.22,5.43
265,2024-12-04 16:09:57,709.81,15.22,5.43
266,2024-12-04 16:10:00,712.47,15.22,5.43
267,2024-12-04 16:10:03,715.12,15.22,5.43
268,2024-12-04 16:10:05,717.83,15.22,5.43
269,2024-12-04 16:10:08,720.52,15.22,5.43
270,2024-12-04 16:10:11,723.22,15.22,5.43
271,2024-12-04 16:10:14,725.92,15.22,5.43
272,2024-12-04 16:10:16,728.63,15.22,5.43
273,2024-12-04 16:10:19,731.31,15.22,5.43
274,2024-12-04 16:10:22,733.97,15.22,5.43
275,2024-12-04 16:10:24,736.69,15.22,5.43
276,2024-12-04 16:10:27,739.46,15.22,5.43
277,2024-12-04 16:10:30,742.09,15.22,5.43
278,2024-12-04 16:10:32,744.72,15.22,5.43
279,2024-12-04 16:10:35,747.43,15.22,5.43
280,2024-12-04 16:10:38,750.11,15.22,5.43
281,2024-12-04 16:10:40,752.85,15.22,5.43
282,2024-12-04 16:10:43,755.56,15.22,5.43
283,2024-12-04 16:10:46,758.30,15.22,5.43
284,2024-12-04 16:10:49,760.99,15.22,5.43
285,2024-12-04 16:10:51,763.70,15.22,5.43
286,2024-12-04 16:10:54,766.35,15.22,5.43
287,2024-12-04 16:10:57,769.08,15.22,5.43
288,2024-12-04 16:10:59,771.78,15.22,5.43
289,2024-12-04 16:11:02,774.47,15.22,5.43
290,2024-12-04 16:11:05,777.13,15.22,5.43
291,2024-12-04 16:11:07,779.89,15.22,5.43
292,2024-12-04 16:11:10,782.58,15.22,5.43
293,2024-12-04 16:11:13,785.21,15.22,5.43
294,2024-12-04 16:11:15,787.90,15.22,5.43
295,2024-12-04 16:11:18,790.58,15.22,5.43
296,2024-12-04 16:11:21,793.24,15.22,5.43
297,2024-12-04 16:11:23,795.88,15.22,5.43
298,2024-12-04 16:11:26,798.58,15.22,5.43
299,2024-12-04 16:11:29,801.28,15.22,5.43
300,2024-12-04 16:11:32,803.93,15.22,5.43
301,2024-12-04 16:11:34,806.58,15.22,5.43
302,2024-12-04 16:11:37,809.28,15.22,5.43
303,2024-12-04 16:11:40,811.94,15.22,5.43
304,2024-12-04 16:11:42,814.65,15.22,5.43
305,2024-12-04 16:11:45,817.33,15.22,5.43
306,2024-12-04 16:11:48,820.00,15.22,5.43
307,2024-12-04 16:11:50,822.70,15.22,5.43
308,2024-12-04 16:11:53,825.39,15.22,5.43
309,2024-12-04 16:11:56,828.13,15.22,5.43
310,2024-12-04 16:11:58,830.86,15.22,5.43
311,2024-12-04 16:12:01,833.54,15.22,5.43
312,2024-12-04 16:12:04,836.21,15.22,5.43
313,2024-12-04 16:12:40,872.37,15.22,5.43
314,2024-12-04 16:12:43,875.09,15.22,5.43
315,2024-12-04 16:12:45,877.79,15.22,5.43
316,2024-12-04 16:12:48,880.47,15.22,5.43
317,2024-12-04 16:12:51,883.14,15.22,5.43
318,2024-12-04 16:12:53,885.87,15.22,5.43
319,2024-12-04 16:12:56,888.56,15.22,5.43
320,2024-12-04 16:12:59,891.29,15.22,5.43
321,2024-12-04 16:13:02,893.96,15.22,5.43
322,2024-12-04 16:13:04,896.68,15.22,5.43
323,2024-12-04 16:13:07,899.38,15.22,5.43
324,2024-12-04 16:13:10,902.10,15.22,5.43
325,2024-12-04 16:13:12,904.77,15.22,5.43
326,2024-12-04 16:13:15,907.52,15.22,5.43
327,2024-12-04 16:13:18,910.24,15.22,5.43
328,2024-12-04 16:13:21,912.93,15.22,5.43
329,2024-12-04 16:13:23,915.63,15.22,5.43
330,2024-12-04 16:13:26,918.32,15.22,5.43
331,2024-12-04 16:13:29,921.01,15.22,5.43
332,2024-12-04 16:13:31,923.75,15.22,5.43
333,2024-12-04 16:13:34,926.41,15.22,5.43
334,2024-12-04 16:13:37,929.10,15.22,5.43
335,2024-12-04 16:13:39,931.82,15.22,5.43
336,2024-12-04 16:13:42,934.51,15.22,5.43
337,2024-12-04 16:13:45,937.21,15.22,5.43
338,2024-12-04 16:13:48,939.95,15.22,5.43
339,2024-12-04 16:13:50,942.67,15.22,5.43
340,2024-12-04 16:13:53,945.36,15.22,5.43
341,2024-12-04 16:13:56,948.08,15.22,5.43
342,2024-12-04 16:13:58,950.74,15.22,5.43
343,2024-12-04 16:14:01,953.44,15.22,5.43
344,2024-12-04 16:14:04,956.17,15.22,5.43
345,2024-12-04 16:14:06,958.84,15.22,5.43
346,2024-12-04 16:14:09,961.52,15.22,5.43
347,2024-12-04 16:14:12,964.28,15.22,5.43
348,2024-12-04 16:14:14,966.90,15.22,5.43
349,2024-12-04 16:14:17,969.51,15.22,5.43
350,2024-12-04 16:14:20,972.14,15.22,5.43
351,2024-12-04 16:14:22,974.84,15.22,5.43
352,2024-12-04 16:14:25,977.55,15.22,5.43
353,2024-12-04 16:14:28,980.20,15.22,5.43
354,2024-12-04 16:14:31,982.91,15.22,5.43
355,2024-12-04 16:14:33,985.57,15.22,5.43
356,2024-12-04 16:14:36,988.19,15.22,5.43
357,2024-12-04 16:14:38,990.88,15.22,5.43
358,2024-12-04 16:14:41,993.59,15.22,5.43
359,2024-12-04 16:14:44,996.32,15.22,5.43
360,2024-12-04 16:14:47,998.95,15.22,5.43
361,2024-12-04 16:14:49,1001.67,15.22,5.43
362,2024-12-04 16:14:52,1004.39,15.22,5.43
363,2024-12-04 16:14:55,1007.12,15.22,5.43
364,2024-12-04 16:14:57,1009.82,15.22,5.43
365,2024-12-04 16:15:00,1012.47,15.22,5.43
366,2024-12-04 16:15:03,1015.18,15.22,5.43
367,2024-12-04 16:15:05,1017.87,15.22,5.43
368,2024-12-04 16:15:08,1020.57,15.22,5.43
369,2024-12-04 16:15:11,1023.25,15.22,5.43
370,2024-12-04 16:15:14,1025.96,15.22,5.43
371,2024-12-04 16:15:16,1028.64,15.22,5.43
372,2024-12-04 16:15:19,1031.36,15.22,5.43
373,2024-12-04 16:15:22,1034.07,15.22,5.43
374,2024-12-04 16:15:24,1036.78,15.22,5.43
375,2024-12-04 16:15:27,1039.50,15.22,5.43
376,2024-12-04 16:15:30,1042.18,15.22,5.43
377,2024-12-04 16:15:32,1044.81,15.22,5.43
378,2024-12-04 16:15:35,1047.43,15.22,5.43
379,2024-12-04 16:15:38,1050.12,15.22,5.43
380,2024-12-04 16:15:40,1052.82,15.22,5.43
381,2024-12-04 16:15:43,1055.54,15.22,5.43
382,2024-12-04 16:15:46,1058.22,15.22,5.43
383,2024-12-04 16:15:49,1060.92,15.22,5.43
384,2024-12-04 16:15:51,1063.63,15.22,5.43
385,2024-12-04 16:15:54,1066.28,15.22,5.43
386,2024-12-04 16:15:57,1068.95,15.22,5.43
387,2024-12-04 16:15:59,1071.64,15.22,5.43
388,2024-12-04 16:16:02,1074.32,15.22,5.43
389,2024-12-04 16:16:05,1077.01,15.22,5.43
390,2024-12-04 16:16:07,1079.69,15.22,5.43
391,2024-12-04 16:16:10,1082.38,15.22,5.43
392,2024-12-04 16:16:13,1085.06,15.22,5.43
393,2024-12-04 16:16:15,1087.82,15.22,5.43
394,2024-12-04 16:16:18,1090.53,15.22,5.43
395,2024-12-04 16:16:21,1093.17,15.22,5.43
396,2024-12-04 16:16:23,1095.90,15.22,5.43
397,2024-12-04 16:16:26,1098.64,15.22,5.43
398,2024-12-04 16:16:29,1101.30,15.22,5.43
399,2024-12-04 16:16:32,1103.95,15.22,5.43
400,2024-12-04 16:16:34,1106.66,15.22,5.43
401,2024-12-04 16:16:37,1109.32,15.22,5.43
402,2024-12-04 16:16:40,1111.97,15.22,5.43
403,2024-12-04 16:16:42,1114.69,15.22,5.43
404,2024-12-04 16:16:45,1117.36,15.22,5.43
405,2024-12-04 16:16:48,1120.03,15.22,5.43
406,2024-12-04 16:16:50,1122.73,15.22,5.43
407,2024-12-04 16:16:53,1125.38,15.22,5.43
408,2024-12-04 16:16:56,1128.12,15.22,5.43
409,2024-12-04 16:16:58,1130.85,15.22,5.43
410,2024-12-04 16:17:01,1133.58,15.22,5.43
411,2024-12-04 16:17:04,1136.30,15.22,5.43
412,2024-12-04 16:17:07,1139.04,15.22,5.43
413,2024-12-04 16:17:09,1141.73,15.22,5.43
414,2024-12-04 16:17:12,1144.43,15.22,5.43
415,2024-12-04 16:17:15,1147.10,15.22,5.43
416,2024-12-04 16:17:17,1149.79,15.22,5.43
417,2024-12-04 16:17:20,1152.49,15.22,5.43
418,2024-12-04 16:17:23,1155.18,15.22,5.43
419,2024-12-04 16:17:25,1157.89,15.22,5.43
420,2024-12-04 16:17:28,1160.59,15.22,5.43
421,2024-12-04 16:17:31,1163.29,15.22,5.43
422,2024-12-04 16:17:34,1166.01,15.22,5.43
423,2024-12-04 16:17:36,1168.64,15.22,5.43
424,2024-12-04 16:17:39,1171.31,15.22,5.43
425,2024-12-04 16:17:42,1174.04,15.22,5.43
426,2024-12-04 16:17:44,1176.73,15.22,5.43
427,2024-12-04 16:17:47,1179.41,15.22,5.43
428,2024-12-04 16:17:50,1182.09,15.22,5.43
429,2024-12-04 16:17:52,1184.81,15.22,5.43
430,2024-12-04 16:17:55,1187.53,15.22,5.43
431,2024-12-04 16:17:58,1190.22,15.22,5.43
432,2024-12-04 16:18:00,1192.81,15.22,5.43
433,2024-12-04 16:18:03,1195.52,15.22,5.43
434,2024-12-04 16:18:06,1198.20,15.22,5.43
435,2024-12-04 16:18:08,1200.83,15.22,5.43
436,2024-12-04 16:18:11,1203.56,15.22,5.43
437,2024-12-04 16:18:14,1206.21,15.22,5.43
438,2024-12-04 16:18:16,1208.87,15.22,5.43
439,2024-12-04 16:18:19,1211.58,15.22,5.43
440,2024-12-04 16:18:22,1214.22,15.22,5.43
441,2024-12-04 16:18:24,1216.90,15.22,5.43
442,2024-12-04 16:18:27,1219.59,15.22,5.43
443,2024-12-04 16:18:30,1222.28,15.22,5.43
444,2024-12-04 16:18:33,1224.99,15.22,5.43
445,2024-12-04 16:18:35,1227.64,15.22,5.43
446,2024-12-04 16:18:38,1230.26,15.22,5.43
447,2024-12-04 16:18:41,1232.96,15.22,5.43
448,2024-12-04 16:18:43,1235.63,15.22,5.43
449,2024-12-04 16:18:46,1238.31,15.22,5.43
450,2024-12-04 16:18:49,1240.96,15.22,5.43
451,2024-12-04 16:18:51,1243.62,15.22,5.43
452,2024-12-04 16:18:54,1246.24,15.22,5.43
453,2024-12-04 16:18:57,1248.91,15.22,5.43
454,2024-12-04 16:18:59,1251.59,15.22,5.43
455,2024-12-04 16:19:02,1254.26,15.22,5.43
456,2024-12-04 16:19:05,1256.97,15.22,5.43
457,2024-12-04 16:19:07,1259.61,15.22,5.43
458,2024-12-04 16:19:10,1262.26,15.22,5.43
459,2024-12-04 16:19:13,1264.91,15.22,5.43
460,2024-12-04 16:19:15,1267.50,15.22,5.43
461,2024-12-04 16:19:18,1270.22,15.22,5.43
462,2024-12-04 16:19:20,1272.90,15.22,5.43
463,2024-12-04 16:19:23,1275.61,15.22,5.43
464,2024-12-04 16:19:26,1278.31,15.22,5.43
465,2024-12-04 16:19:29,1280.99,15.22,5.43
466,2024-12-04 16:19:31,1283.65,15.22,5.43
467,2024-12-04 16:19:34,1286.38,15.22,5.43
468,2024-12-04 16:19:37,1289.04,15.22,5.43
469,2024-12-04 16:19:39,1291.68,15.22,5.43
470,2024-12-04 16:19:42,1294.40,15.22,5.43
471,2024-12-04 16:19:45,1297.02,15.22,5.43
472,2024-12-04 16:19:47,1299.71,15.22,5.43
473,2024-12-04 16:19:50,1302.40,15.22,5.43
474,2024-12-04 16:19:53,1305.11,15.22,5.43
475,2024-12-04 16:19:55,1307.75,15.22,5.43
476,2024-12-04 16:19:58,1310.43,15.22,5.43
477,2024-12-04 16:20:01,1313.11,15.22,5.43
478,2024-12-04 16:20:03,1315.80,15.22,5.43
479,2024-12-04 16:20:06,1318.49,15.22,5.43
480,2024-12-04 16:20:09,1321.16,15.22,5.43
481,2024-12-04 16:20:11,1323.84,15.22,5.43
482,2024-12-04 16:20:14,1326.54,15.22,5.43
483,2024-12-04 16:20:17,1329.28,15.22,5.43
484,2024-12-04 16:20:20,1331.95,15.22,5.43
485,2024-12-04 16:20:22,1334.63,15.22,5.43
486,2024-12-04 16:20:25,1337.36,15.22,5.43
487,2024-12-04 16:20:28,1340.09,15.22,5.43
488,2024-12-04 16:20:30,1342.76,15.22,5.43
489,2024-12-04 16:20:33,1345.46,15.22,5.43
490,2024-12-04 16:20:36,1348.16,15.22,5.43
491,2024-12-04 16:20:38,1350.86,15.22,5.43
492,2024-12-04 16:20:41,1353.58,15.22,5.43
493,2024-12-04 16:20:44,1356.26,15.22,5.43
494,2024-12-04 16:20:47,1358.92,15.22,5.43
495,2024-12-04 16:20:49,1361.59,15.22,5.43
496,2024-12-04 16:20:52,1364.30,15.22,5.43
497,2024-12-04 16:20:55,1366.97,15.22,5.43
498,2024-12-04 16:20:57,1369.66,15.22,5.43
499,2024-12-04 16:21:00,1372.30,15.22,5.43
500,2024-12-04 16:21:03,1374.97,15.22,5.43
501,2024-12-04 16:21:05,1377.66,15.22,5.43
502,2024-12-04 16:21:08,1380.33,15.22,5.43
503,2024-12-04 16:21:11,1383.05,15.22,5.43
504,2024-12-04 16:21:13,1385.73,15.22,5.43
505,2024-12-04 16:21:16,1388.40,15.22,5.43
506,2024-12-04 16:21:19,1391.11,15.22,5.43
507,2024-12-04 16:21:21,1393.86,15.22,5.43
508,2024-12-04 16:21:24,1396.55,15.22,5.43
509,2024-12-04 16:21:27,1399.27,15.22,5.43
510,2024-12-04 16:21:30,1401.91,15.22,5.43
511,2024-12-04 16:21:32,1404.65,15.22,5.43
512,2024-12-04 16:21:35,1407.37,15.22,5.43
513,2024-12-04 16:21:38,1410.07,15.22,5.43
514,2024-12-04 16:21:40,1412.78,15.22,5.43
515,2024-12-04 16:21:43,1415.53,15.22,5.43
516,2024-12-04 16:21:46,1418.20,15.22,5.43
517,2024-12-04 16:21:48,1420.88,15.22,5.43
518,2024-12-04 16:21:51,1423.50,15.22,5.43
519,2024-12-04 16:21:54,1426.22,15.22,5.43
520,2024-12-04 16:21:57,1428.96,15.22,5.43
521,2024-12-04 16:21:59,1431.61,15.22,5.43
522,2024-12-04 16:22:02,1434.28,15.22,5.43
523,2024-12-04 16:22:05,1436.93,15.22,5.43
524,2024-12-04 16:22:07,1439.61,15.22,5.43
525,2024-12-04 16:22:10,1442.29,15.22,5.43
526,2024-12-04 16:22:13,1444.95,15.22,5.43
527,2024-12-04 16:22:15,1447.71,15.22,5.43
528,2024-12-04 16:22:18,1450.36,15.22,5.43
529,2024-12-04 16:22:21,1453.05,15.22,5.43
530,2024-12-04 16:22:23,1455.75,15.22,5.43
531,2024-12-04 16:22:26,1458.48,15.22,5.43
532,2024-12-04 16:22:29,1461.19,15.22,5.43
533,2024-12-04 16:22:31,1463.82,15.22,5.43
534,2024-12-04 16:22:34,1466.50,15.22,5.43
535,2024-12-04 16:22:37,1469.14,15.22,5.43
536,2024-12-04 16:22:39,1471.87,15.22,5.43
537,2024-12-04 16:22:42,1474.61,15.22,5.43
538,2024-12-04 16:22:45,1477.31,15.22,5.43
539,2024-12-04 16:22:48,1480.00,15.22,5.43
540,2024-12-04 16:22:50,1482.69,15.22,5.43
541,2024-12-04 16:22:53,1485.38,15.22,5.43
542,2024-12-04 16:22:56,1488.05,15.22,5.43
543,2024-12-04 16:22:58,1490.74,15.22,5.43
544,2024-12-04 16:23:01,1493.44,15.22,5.43
545,2024-12-04 16:23:04,1496.12,15.22,5.43
546,2024-12-04 16:23:06,1498.82,15.22,5.43
547,2024-12-04 16:23:09,1501.49,15.22,5.43
548,2024-12-04 16:23:12,1504.18,15.22,5.43
549,2024-12-04 16:23:14,1506.82,15.22,5.43
550,2024-12-04 16:23:17,1509.49,15.22,5.43
551,2024-12-04 16:23:20,1512.23,15.22,5.43
552,2024-12-04 16:23:23,1514.90,15.22,5.43
553,2024-12-04 16:23:25,1517.58,15.22,5.43
554,2024-12-04 16:23:28,1520.28,15.22,5.43
555,2024-12-04 16:23:31,1522.96,15.22,5.43
556,2024-12-04 16:23:33,1525.65,15.22,5.43
557,2024-12-04 16:23:36,1528.34,15.22,5.43
558,2024-12-04 16:23:39,1531.06,15.22,5.43
559,2024-12-04 16:23:41,1533.72,15.22,5.43
560,2024-12-04 16:23:44,1536.43,15.22,5.43
561,2024-12-04 16:23:47,1539.11,15.22,5.43
562,2024-12-04 16:23:49,1541.84,15.22,5.43
563,2024-12-04 16:23:52,1544.56,15.22,5.43
564,2024-12-04 16:23:55,1547.20,15.22,5.43
565,2024-12-04 16:23:57,1549.89,15.22,5.43
566,2024-12-04 16:24:00,1552.59,15.22,5.43
567,2024-12-04 16:24:03,1555.26,15.22,5.43
568,2024-12-04 16:24:06,1557.94,15.22,5.43
569,2024-12-04 16:24:08,1560.63,15.22,5.43
570,2024-12-04 16:24:11,1563.26,15.22,5.43
571,2024-12-04 16:24:14,1565.94,15.22,5.43
572,2024-12-04 16:24:16,1568.55,15.22,5.43
573,2024-12-04 16:24:19,1571.27,15.22,5.43
574,2024-12-04 16:24:22,1574.01,15.22,5.43
575,2024-12-04 16:24:24,1576.68,15.22,5.43
576,2024-12-04 16:24:27,1579.41,15.22,5.43
577,2024-12-04 16:24:30,1582.03,15.22,5.43
578,2024-12-04 16:24:32,1584.77,15.22,5.43
579,2024-12-04 16:24:35,1587.47,15.22,5.43
580,2024-12-04 16:24:38,1590.19,15.22,5.43
581,2024-12-04 16:24:40,1592.88,15.22,5.43
582,2024-12-04 16:24:43,1595.57,15.22,5.43
583,2024-12-04 16:24:46,1598.25,15.22,5.43
584,2024-12-04 16:24:49,1600.93,15.22,5.43
585,2024-12-04 16:24:51,1603.63,15.22,5.43
586,2024-12-04 16:24:54,1606.34,15.22,5.43
587,2024-12-04 16:24:57,1609.01,15.22,5.43
588,2024-12-04 16:24:59,1611.70,15.22,5.43
589,2024-12-04 16:25:02,1614.43,15.22,5.43
590,2024-12-04 16:25:05,1617.14,15.22,5.43
591,2024-12-04 16:25:07,1619.79,15.22,5.43
592,2024-12-04 16:25:10,1622.51,15.22,5.43
593,2024-12-04 16:25:13,1625.21,15.22,5.43
594,2024-12-04 16:25:16,1627.91,15.22,5.43
595,2024-12-04 16:25:18,1630.58,15.22,5.43
596,2024-12-04 16:25:21,1633.28,15.22,5.43
597,2024-12-04 16:25:24,1635.93,15.22,5.43
598,2024-12-04 16:25:26,1638.66,15.22,5.43
599,2024-12-04 16:25:29,1641.27,15.22,5.43
600,2024-12-04 16:25:32,1643.91,15.22,5.43
601,2024-12-04 16:25:34,1646.64,15.22,5.43
602,2024-12-04 16:25:37,1649.36,15.22,5.43
603,2024-12-04 16:25:40,1652.04,15.22,5.43
604,2024-12-04 16:25:42,1654.72,15.22,5.43
605,2024-12-04 16:25:45,1657.47,15.22,5.43
606,2024-12-04 16:25:48,1660.15,15.22,5.43
607,2024-12-04 16:25:50,1662.86,15.22,5.43
608,2024-12-04 16:25:53,1665.55,15.22,5.43
609,2024-12-04 16:25:56,1668.24,15.22,5.43
610,2024-12-04 16:25:59,1670.91,15.22,5.43
611,2024-12-04 16:26:01,1673.60,15.22,5.43
612,2024-12-04 16:26:04,1676.33,15.22,5.43
613,2024-12-04 16:26:07,1679.01,15.22,5.43
614,2024-12-04 16:26:09,1681.68,15.22,5.43
615,2024-12-04 16:26:12,1684.38,15.22,5.43
616,2024-12-04 16:26:15,1686.99,15.22,5.43
617,2024-12-04 16:26:17,1689.65,15.22,5.43
618,2024-12-04 16:26:20,1692.32,15.22,5.43
619,2024-12-04 16:26:23,1695.05,15.22,5.43
620,2024-12-04 16:26:25,1697.78,15.22,5.43
621,2024-12-04 16:26:28,1700.44,15.22,5.43
622,2024-12-04 16:26:31,1703.06,15.22,5.43
623,2024-12-04 16:26:33,1705.80,15.22,5.43
624,2024-12-04 16:26:36,1708.46,15.22,5.43
625,2024-12-04 16:26:39,1711.14,15.22,5.43
626,2024-12-04 16:27:15,1747.43,15.22,5.43
627,2024-12-04 16:27:18,1750.16,15.22,5.43
628,2024-12-04 16:27:20,1752.81,15.22,5.43
629,2024-12-04 16:27:23,1755.54,15.22,5.43
630,2024-12-04 16:27:26,1758.22,15.22,5.43
631,2024-12-04 16:27:28,1760.89,15.22,5.43
632,2024-12-04 16:27:31,1763.61,15.22,5.43
633,2024-12-04 16:27:34,1766.23,15.22,5.43
634,2024-12-04 16:27:37,1768.98,15.22,5.43
635,2024-12-04 16:27:39,1771.65,15.22,5.43
636,2024-12-04 16:27:42,1774.36,15.22,5.43
637,2024-12-04 16:27:45,1777.03,15.22,5.43
638,2024-12-04 16:27:47,1779.77,15.22,5.43
639,2024-12-04 16:27:50,1782.46,15.22,5.43
640,2024-12-04 16:27:53,1785.15,15.22,5.43
641,2024-12-04 16:27:55,1787.88,15.22,5.43
642,2024-12-04 16:27:58,1790.51,15.22,5.43
643,2024-12-04 16:28:01,1793.20,15.22,5.43
644,2024-12-04 16:28:04,1795.93,15.22,5.43
645,2024-12-04 16:28:06,1798.60,15.22,5.43
646,2024-12-04 16:28:09,1801.25,15.22,5.43
647,2024-12-04 16:28:12,1803.94,15.22,5.43
648,2024-12-04 16:28:14,1806.63,15.22,5.43
649,2024-12-04 16:28:17,1809.40,15.22,5.43
650,2024-12-04 16:28:20,1812.09,15.22,5.43
651,2024-12-04 16:28:22,1814.77,15.22,5.43
652,2024-12-04 16:28:25,1817.45,15.22,5.43
653,2024-12-04 16:28:28,1820.17,15.22,5.43
654,2024-12-04 16:28:31,1822.90,15.22,5.43
655,2024-12-04 16:28:33,1825.56,15.22,5.43
656,2024-12-04 16:28:36,1828.28,15.22,5.43
657,2024-12-04 16:28:39,1830.98,15.22,5.43
658,2024-12-04 16:28:41,1833.60,15.22,5.43
659,2024-12-04 16:28:44,1836.29,15.22,5.43
660,2024-12-04 16:28:47,1839.00,15.22,5.43
661,2024-12-04 16:28:49,1841.72,15.22,5.43
662,2024-12-04 16:28:52,1844.43,15.22,5.43
663,2024-12-04 16:28:55,1847.14,15.22,5.43
664,2024-12-04 16:28:57,1849.82,15.22,5.43
665,2024-12-04 16:29:00,1852.52,15.22,5.43
666,2024-12-04 16:29:03,1855.26,15.22,5.43
667,2024-12-04 16:29:06,1857.93,15.22,5.43
668,2024-12-04 16:29:08,1860.57,15.22,5.43
669,2024-12-04 16:29:11,1863.26,15.22,5.43
670,2024-12-04 16:29:14,1865.94,15.22,5.43
671,2024-12-04 16:29:16,1868.67,15.22,5.43
672,2024-12-04 16:29:19,1871.37,15.22,5.43
673,2024-12-04 16:29:22,1874.06,15.22,5.43
674,2024-12-04 16:29:24,1876.74,15.22,5.43
675,2024-12-04 16:29:27,1879.44,15.22,5.43
676,2024-12-04 16:29:30,1882.13,15.22,5.43
677,2024-12-04 16:29:32,1884.81,15.22,5.43
678,2024-12-04 16:29:35,1887.46,15.22,5.43
679,2024-12-04 16:29:38,1890.12,15.22,5.43
680,2024-12-04 16:29:40,1892.87,15.22,5.43
681,2024-12-04 16:29:43,1895.48,15.22,5.43
682,2024-12-04 16:29:46,1898.23,15.22,5.43
683,2024-12-04 16:29:49,1900.91,15.22,5.43
684,2024-12-04 16:29:51,1903.65,15.22,5.43
685,2024-12-04 16:29:54,1906.34,15.22,5.43
686,2024-12-04 16:29:57,1909.01,15.22,5.43
687,2024-12-04 16:29:59,1911.70,15.22,5.43
688,2024-12-04 16:30:02,1914.41,15.22,5.43
689,2024-12-04 16:30:05,1917.09,15.22,5.43
690,2024-12-04 16:30:07,1919.78,15.22,5.43
691,2024-12-04 16:30:10,1922.42,15.22,5.43
692,2024-12-04 16:30:13,1925.05,15.22,5.43
693,2024-12-04 16:30:15,1927.77,15.22,5.43
694,2024-12-04 16:30:18,1930.43,15.22,5.43
695,2024-12-04 16:30:21,1933.14,15.22,5.43
696,2024-12-04 16:30:23,1935.83,15.22,5.43
697,2024-12-04 16:30:26,1938.49,15.22,5.43
698,2024-12-04 16:30:29,1941.17,15.22,5.43
699,2024-12-04 16:30:32,1943.91,15.22,5.43
700,2024-12-04 16:30:34,1946.60,15.22,5.43
701,2024-12-04 16:30:37,1949.27,15.22,5.43
702,2024-12-04 16:30:40,1951.98,15.22,5.43
703,2024-12-04 16:30:42,1954.65,15.22,5.43
704,2024-12-04 16:30:45,1957.33,15.22,5.43
705,2024-12-04 16:30:48,1960.04,15.22,5.43
706,2024-12-04 16:30:50,1962.73,15.22,5.43
707,2024-12-04 16:30:53,1965.44,15.22,5.43
708,2024-12-04 16:30:56,1968.10,15.22,5.43
709,2024-12-04 16:30:58,1970.81,15.22,5.43
710,2024-12-04 16:31:01,1973.57,15.22,5.43
711,2024-12-04 16:31:04,1976.28,15.22,5.43
712,2024-12-04 16:31:06,1978.86,15.22,5.43
713,2024-12-04 16:31:09,1981.55,15.22,5.43
714,2024-12-04 16:31:12,1984.31,15.22,5.43
715,2024-12-04 16:31:15,1986.99,15.22,5.43
716,2024-12-04 16:31:17,1989.68,15.22,5.43
717,2024-12-04 16:31:20,1992.40,15.22,5.43
718,2024-12-04 16:31:23,1995.11,15.22,5.43
719,2024-12-04 16:31:25,1997.78,15.22,5.43
720,2024-12-04 16:31:28,2000.47,15.22,5.43
721,2024-12-04 16:31:31,2003.18,15.22,5.43
722,2024-12-04 16:31:33,2005.87,15.22,5.43
723,2024-12-04 16:31:36,2008.61,15.22,5.43
724,2024-12-04 16:31:39,2011.25,15.22,5.43
725,2024-12-04 16:31:42,2013.99,15.22,5.43
726,2024-12-04 16:31:44,2016.59,15.22,5.43
727,2024-12-04 16:31:47,2019.26,15.22,5.43
728,2024-12-04 16:31:50,2021.97,15.22,5.43
729,2024-12-04 16:31:52,2024.65,15.22,5.43
730,2024-12-04 16:31:55,2027.35,15.22,5.43
731,2024-12-04 16:31:58,2030.05,15.22,5.43
732,2024-12-04 16:32:00,2032.73,15.22,5.43
733,2024-12-04 16:32:03,2035.47,15.22,5.43
734,2024-12-04 16:32:06,2038.22,15.22,5.43
735,2024-12-04 16:32:09,2040.95,15.22,5.43
736,2024-12-04 16:32:11,2043.64,15.22,5.43
737,2024-12-04 16:32:14,2046.34,15.22,5.43
738,2024-12-04 16:32:17,2049.09,15.22,5.43
739,2024-12-04 16:32:19,2051.82,15.22,5.43
740,2024-12-04 16:32:22,2054.44,15.22,5.43
741,2024-12-04 16:32:25,2057.16,15.22,5.43
742,2024-12-04 16:32:27,2059.83,15.22,5.43
743,2024-12-04 16:32:30,2062.52,15.22,5.43
744,2024-12-04 16:32:33,2065.24,15.22,5.43
745,2024-12-04 16:32:35,2067.84,15.22,5.43
746,2024-12-04 16:32:38,2070.51,15.22,5.43
747,2024-12-04 16:32:41,2073.16,15.22,5.43
748,2024-12-04 16:32:43,2075.89,15.22,5.43
749,2024-12-04 16:32:46,2078.58,15.22,5.43
750,2024-12-04 16:32:49,2081.27,15.22,5.43
751,2024-12-04 16:32:52,2083.96,15.22,5.43
752,2024-12-04 16:32:54,2086.69,15.22,5.43
753,2024-12-04 16:32:57,2089.40,15.22,5.43
754,2024-12-04 16:33:00,2092.07,15.22,5.43
755,2024-12-04 16:33:02,2094.81,15.22,5.43
756,2024-12-04 16:33:05,2097.51,15.22,5.43
757,2024-12-04 16:33:08,2100.21,15.22,5.43
758,2024-12-04 16:33:10,2102.88,15.22,5.43
759,2024-12-04 16:33:13,2105.58,15.22,5.43
760,2024-12-04 16:33:16,2108.25,15.22,5.43
761,2024-12-04 16:33:19,2110.94,15.22,5.43
762,2024-12-04 16:33:21,2113.64,15.22,5.43
763,2024-12-04 16:33:24,2116.35,15.22,5.43
764,2024-12-04 16:33:27,2119.05,15.22,5.43
765,2024-12-04 16:33:29,2121.70,15.22,5.43
766,2024-12-04 16:33:32,2124.43,15.22,5.43
767,2024-12-04 16:33:35,2127.13,15.22,5.43
768,2024-12-04 16:33:37,2129.79,15.22,5.43
769,2024-12-04 16:33:40,2132.54,15.22,5.43
770,2024-12-04 16:33:43,2135.28,15.22,5.43
771,2024-12-04 16:33:46,2137.95,15.22,5.43
772,2024-12-04 16:33:48,2140.65,15.22,5.43
773,2024-12-04 16:33:51,2143.35,15.22,5.43
774,2024-12-04 16:33:54,2146.01,15.22,5.43
775,2024-12-04 16:33:56,2148.68,15.22,5.43
776,2024-12-04 16:33:59,2151.30,15.22,5.43
777,2024-12-04 16:34:02,2154.01,15.22,5.43
778,2024-12-04 16:34:04,2156.72,15.22,5.43
779,2024-12-04 16:34:07,2159.40,15.22,5.43
780,2024-12-04 16:34:10,2162.10,15.22,5.43
781,2024-12-04 16:34:12,2164.79,15.22,5.43
782,2024-12-04 16:34:15,2167.44,15.22,5.43
783,2024-12-04 16:34:18,2170.06,15.22,5.43
784,2024-12-04 16:34:20,2172.77,15.22,5.43
785,2024-12-04 16:34:23,2175.46,15.22,5.43
786,2024-12-04 16:34:26,2178.19,15.22,5.43
787,2024-12-04 16:34:28,2180.84,15.22,5.43
788,2024-12-04 16:34:31,2183.51,15.22,5.43
789,2024-12-04 16:34:34,2186.18,15.22,5.43
790,2024-12-04 16:34:36,2188.89,15.22,5.43
791,2024-12-04 16:34:39,2191.57,15.22,5.43
792,2024-12-04 16:34:42,2194.25,15.22,5.43
793,2024-12-04 16:34:45,2196.90,15.22,5.43
794,2024-12-04 16:34:47,2199.50,15.22,5.43
795,2024-12-04 16:34:50,2202.18,15.22,5.43
796,2024-12-04 16:34:53,2204.91,15.22,5.43
797,2024-12-04 16:34:55,2207.58,15.22,5.43
798,2024-12-04 16:34:58,2210.31,15.22,5.43
799,2024-12-04 16:35:01,2213.04,15.22,5.43
800,2024-12-04 16:35:03,2215.66,15.22,5.43
801,2024-12-04 16:35:06,2218.35,15.22,5.43
802,2024-12-04 16:35:09,2221.04,15.22,5.43
803,2024-12-04 16:35:11,2223.80,15.22,5.43
804,2024-12-04 16:35:14,2226.48,15.22,5.43
805,2024-12-04 16:35:17,2229.17,15.22,5.43
806,2024-12-04 16:35:19,2231.84,15.22,5.43
807,2024-12-04 16:35:22,2234.51,15.22,5.43
808,2024-12-04 16:35:25,2237.21,15.22,5.43
809,2024-12-04 16:35:27,2239.86,15.22,5.43
810,2024-12-04 16:35:30,2242.57,15.22,5.43
811,2024-12-04 16:35:33,2245.24,15.22,5.43
812,2024-12-04 16:35:35,2247.89,15.22,5.43
813,2024-12-04 16:35:38,2250.61,15.22,5.43
814,2024-12-04 16:35:41,2253.22,15.22,5.43
815,2024-12-04 16:35:43,2255.89,15.22,5.43
816,2024-12-04 16:35:46,2258.58,15.22,5.43
817,2024-12-04 16:35:49,2261.29,15.22,5.43
818,2024-12-04 16:35:52,2263.96,15.22,5.43
819,2024-12-04 16:35:54,2266.60,15.22,5.43
820,2024-12-04 16:35:57,2269.31,15.22,5.43
821,2024-12-04 16:36:00,2271.99,15.22,5.43
822,2024-12-04 16:36:02,2274.71,15.22,5.43
823,2024-12-04 16:36:05,2277.45,15.22,5.43
824,2024-12-04 16:36:08,2280.10,15.22,5.43
825,2024-12-04 16:36:10,2282.77,15.22,5.43
826,2024-12-04 16:36:13,2285.48,15.22,5.43
827,2024-12-04 16:36:16,2288.19,15.22,5.43
828,2024-12-04 16:36:18,2290.84,15.22,5.43
829,2024-12-04 16:36:21,2293.56,15.22,5.43
830,2024-12-04 16:36:24,2296.22,15.22,5.43
831,2024-12-04 16:36:26,2298.86,15.22,5.43
832,2024-12-04 16:36:29,2301.55,15.22,5.43
833,2024-12-04 16:36:32,2304.28,15.22,5.43
834,2024-12-04 16:36:35,2306.98,15.22,5.43
835,2024-12-04 16:36:37,2309.67,15.22,5.43
836,2024-12-04 16:36:40,2312.41,15.22,5.43
837,2024-12-04 16:36:43,2315.13,15.22,5.43
838,2024-12-04 16:36:45,2317.85,15.22,5.43
839,2024-12-04 16:36:48,2320.53,15.22,5.43
840,2024-12-04 16:36:51,2323.28,15.22,5.43
841,2024-12-04 16:36:54,2325.95,15.22,5.43
842,2024-12-04 16:36:56,2328.67,15.22,5.43
843,2024-12-04 16:36:59,2331.36,15.22,5.43
844,2024-12-04 16:37:02,2334.03,15.22,5.43
845,2024-12-04 16:37:04,2336.75,15.22,5.43
846,2024-12-04 16:37:07,2339.39,15.22,5.43
847,2024-12-04 16:37:10,2342.05,15.22,5.43
848,2024-12-04 16:37:12,2344.73,15.22,5.43
849,2024-12-04 16:37:15,2347.38,15.22,5.43
850,2024-12-04 16:37:18,2350.09,15.22,5.43
851,2024-12-04 16:37:20,2352.75,15.22,5.43
852,2024-12-04 16:37:23,2355.43,15.22,5.43
853,2024-12-04 16:37:26,2358.12,15.22,5.43
854,2024-12-04 16:37:28,2360.75,15.22,5.43
855,2024-12-04 16:37:31,2363.41,15.22,5.43
856,2024-12-04 16:37:34,2366.13,15.22,5.43
857,2024-12-04 16:37:36,2368.82,15.22,5.43
858,2024-12-04 16:37:39,2371.56,15.22,5.43
859,2024-12-04 16:37:42,2374.27,15.22,5.43
860,2024-12-04 16:37:45,2376.94,15.22,5.43
861,2024-12-04 16:37:47,2379.58,15.22,5.43
862,2024-12-04 16:37:50,2382.26,15.22,5.43
863,2024-12-04 16:37:53,2384.99,15.22,5.43
864,2024-12-04 16:37:55,2387.67,15.22,5.43
865,2024-12-04 16:37:58,2390.32,15.22,5.43
866,2024-12-04 16:38:01,2392.94,15.22,5.43
867,2024-12-04 16:38:03,2395.62,15.22,5.43
868,2024-12-04 16:38:06,2398.31,15.22,5.43
869,2024-12-04 16:38:09,2401.03,15.22,5.43
870,2024-12-04 16:38:11,2403.69,15.22,5.43
871,2024-12-04 16:38:14,2406.40,15.22,5.43
872,2024-12-04 16:38:17,2409.13,15.22,5.43
873,2024-12-04 16:38:19,2411.79,15.22,5.43
874,2024-12-04 16:38:22,2414.48,15.22,5.43
875,2024-12-04 16:38:25,2417.17,15.22,5.43
876,2024-12-04 16:38:27,2419.82,15.22,5.43
877,2024-12-04 16:38:30,2422.49,15.22,5.43
878,2024-12-04 16:38:33,2425.17,15.22,5.43
879,2024-12-04 16:38:35,2427.82,15.22,5.43
880,2024-12-04 16:38:38,2430.52,15.22,5.43
881,2024-12-04 16:38:41,2433.25,15.22,5.43
882,2024-12-04 16:38:44,2435.93,15.22,5.43
883,2024-12-04 16:38:46,2438.65,15.22,5.43
884,2024-12-04 16:38:49,2441.32,15.22,5.43
885,2024-12-04 16:38:52,2444.02,15.22,5.43
886,2024-12-04 16:38:54,2446.67,15.22,5.43
887,2024-12-04 16:38:57,2449.36,15.22,5.43
888,2024-12-04 16:39:00,2452.03,15.22,5.43
889,2024-12-04 16:39:02,2454.77,15.22,5.43
890,2024-12-04 16:39:05,2457.43,15.22,5.43
891,2024-12-04 16:39:08,2460.13,15.22,5.43
892,2024-12-04 16:39:10,2462.83,15.22,5.43
893,2024-12-04 16:39:13,2465.54,15.22,5.43
894,2024-12-04 16:39:16,2468.22,15.22,5.43
895,2024-12-04 16:39:18,2470.89,15.22,5.43
896,2024-12-04 16:39:21,2473.57,15.22,5.43
897,2024-12-04 16:39:24,2476.26,15.22,5.43
898,2024-12-04 16:39:27,2478.93,15.22,5.43
899,2024-12-04 16:39:29,2481.66,15.22,5.43
900,2024-12-04 16:39:32,2484.35,15.22,5.43
901,2024-12-04 16:39:35,2487.05,15.22,5.43
902,2024-12-04 16:39:37,2489.75,15.22,5.43
903,2024-12-04 16:39:40,2492.39,15.22,5.43
904,2024-12-04 16:39:43,2495.04,15.22,5.43
905,2024-12-04 16:39:45,2497.69,15.22,5.43
906,2024-12-04 16:39:48,2500.29,15.22,5.43
907,2024-12-04 16:39:51,2503.01,15.22,5.43
908,2024-12-04 16:39:53,2505.73,15.22,5.43
909,2024-12-04 16:39:56,2508.43,15.22,5.43
910,2024-12-04 16:39:59,2511.13,15.22,5.43
911,2024-12-04 16:40:01,2513.84,15.22,5.43
912,2024-12-04 16:40:04,2516.57,15.22,5.43
913,2024-12-04 16:40:07,2519.23,15.22,5.43
914,2024-12-04 16:40:10,2521.93,15.22,5.43
915,2024-12-04 16:40:12,2524.64,15.22,5.43
916,2024-12-04 16:40:15,2527.28,15.22,5.43
917,2024-12-04 16:40:18,2529.96,15.22,5.43
918,2024-12-04 16:40:20,2532.58,15.22,5.43
919,2024-12-04 16:40:23,2535.31,15.22,5.43
920,2024-12-04 16:40:26,2538.01,15.22,5.43
921,2024-12-04 16:40:28,2540.73,15.22,5.43
922,2024-12-04 16:40:31,2543.39,15.22,5.43
923,2024-12-04 16:40:34,2546.06,15.22,5.43
924,2024-12-04 16:40:36,2548.76,15.22,5.43
925,2024-12-04 16:40:39,2551.48,15.22,5.43
926,2024-12-04 16:40:42,2554.20,15.22,5.43
927,2024-12-04 16:40:44,2556.90,15.22,5.43
928,2024-12-04 16:40:47,2559.62,15.22,5.43
929,2024-12-04 16:40:50,2562.29,15.22,5.43
930,2024-12-04 16:40:53,2564.95,15.22,5.43
931,2024-12-04 16:40:55,2567.65,15.22,5.43
932,2024-12-04 16:40:58,2570.38,15.22,5.43
933,2024-12-04 16:41:01,2573.08,15.22,5.43
934,2024-12-04 16:41:03,2575.82,15.22,5.43
935,2024-12-04 16:41:06,2578.54,15.22,5.43
936,2024-12-04 16:41:09,2581.24,15.22,5.43
